Welcome to Ubuntu 22.04.3 LTS (GNU/Linux 6.2.0-1012-aws x86_64)

 * Documentation:  https://help.ubuntu.com
 * Management:     https://landscape.canonical.com
 * Support:        https://ubuntu.com/advantage

  System information as of Sat Dec  9 08:19:54 UTC 2023

  System load:  0.08740234375      Processes:             113
  Usage of /:   10.8% of 14.36GB   Users logged in:       0
  Memory usage: 5%                 IPv4 address for eth0: 172.31.46.17
  Swap usage:   0%

Expanded Security Maintenance for Applications is not enabled.

0 updates can be applied immediately.

Enable ESM Apps to receive additional future security updates.
See https://ubuntu.com/esm or run: sudo pro status


The list of available updates is more than a week old.
To check for new updates run: sudo apt update


The programs included with the Ubuntu system are free software;
the exact distribution terms for each program are described in the
individual files in /usr/share/doc/*/copyright.

Ubuntu comes with ABSOLUTELY NO WARRANTY, to the extent permitted by
applicable law.

To run a command as administrator (user "root"), use "sudo <command>".
See "man sudo_root" for details.

ubuntu@ip-172-31-46-17:~$ sudo su
root@ip-172-31-46-17:/home/ubuntu# sudo apt-get update
Hit:1 http://ap-south-1.ec2.archive.ubuntu.com/ubuntu jammy InRelease
Get:2 http://ap-south-1.ec2.archive.ubuntu.com/ubuntu jammy-updates InRelease [119 kB]
Get:3 http://ap-south-1.ec2.archive.ubuntu.com/ubuntu jammy-backports InRelease [109 kB]
Get:4 http://ap-south-1.ec2.archive.ubuntu.com/ubuntu jammy/universe amd64 Packages [14.1 MB]
Get:5 http://security.ubuntu.com/ubuntu jammy-security InRelease [110 kB]           
Get:6 http://ap-south-1.ec2.archive.ubuntu.com/ubuntu jammy/universe Translation-en [5652 kB]
Get:7 http://ap-south-1.ec2.archive.ubuntu.com/ubuntu jammy/universe amd64 c-n-f Metadata [286 kB]
Get:8 http://ap-south-1.ec2.archive.ubuntu.com/ubuntu jammy/multiverse amd64 Packages [217 kB]
Get:9 http://ap-south-1.ec2.archive.ubuntu.com/ubuntu jammy/multiverse Translation-en [112 kB]
Get:10 http://ap-south-1.ec2.archive.ubuntu.com/ubuntu jammy/multiverse amd64 c-n-f Metadata [8372 B]
Get:11 http://ap-south-1.ec2.archive.ubuntu.com/ubuntu jammy-updates/main amd64 Packages [1244 kB]
Get:12 http://ap-south-1.ec2.archive.ubuntu.com/ubuntu jammy-updates/main Translation-en [257 kB]
Get:13 http://ap-south-1.ec2.archive.ubuntu.com/ubuntu jammy-updates/main amd64 c-n-f Metadata [16.1 kB]
Get:14 http://ap-south-1.ec2.archive.ubuntu.com/ubuntu jammy-updates/restricted amd64 Packages [1226 kB]
Get:15 http://ap-south-1.ec2.archive.ubuntu.com/ubuntu jammy-updates/restricted Translation-en [199 kB]
Get:16 http://ap-south-1.ec2.archive.ubuntu.com/ubuntu jammy-updates/restricted amd64 c-n-f Metadata [520 B]
Get:17 http://ap-south-1.ec2.archive.ubuntu.com/ubuntu jammy-updates/universe amd64 Packages [1018 kB]
Get:18 http://ap-south-1.ec2.archive.ubuntu.com/ubuntu jammy-updates/universe Translation-en [226 kB]
Get:19 http://ap-south-1.ec2.archive.ubuntu.com/ubuntu jammy-updates/universe amd64 c-n-f Metadata [22.1 kB]
Get:20 http://ap-south-1.ec2.archive.ubuntu.com/ubuntu jammy-updates/multiverse amd64 Packages [41.6 kB]
Get:21 http://ap-south-1.ec2.archive.ubuntu.com/ubuntu jammy-updates/multiverse Translation-en [9768 B]
Get:22 http://ap-south-1.ec2.archive.ubuntu.com/ubuntu jammy-updates/multiverse amd64 c-n-f Metadata [472 B]
Get:23 http://ap-south-1.ec2.archive.ubuntu.com/ubuntu jammy-backports/main amd64 Packages [64.2 kB]
Get:24 http://ap-south-1.ec2.archive.ubuntu.com/ubuntu jammy-backports/main Translation-en [10.5 kB]
Get:25 http://ap-south-1.ec2.archive.ubuntu.com/ubuntu jammy-backports/main amd64 c-n-f Metadata [388 B]
Get:26 http://ap-south-1.ec2.archive.ubuntu.com/ubuntu jammy-backports/restricted amd64 c-n-f Metadata [116 B]
Get:27 http://ap-south-1.ec2.archive.ubuntu.com/ubuntu jammy-backports/universe amd64 Packages [27.8 kB]
Get:28 http://ap-south-1.ec2.archive.ubuntu.com/ubuntu jammy-backports/universe Translation-en [16.5 kB]
Get:29 http://ap-south-1.ec2.archive.ubuntu.com/ubuntu jammy-backports/universe amd64 c-n-f Metadata [644 B]
Get:30 http://ap-south-1.ec2.archive.ubuntu.com/ubuntu jammy-backports/multiverse amd64 c-n-f Metadata [116 B]
Get:31 http://security.ubuntu.com/ubuntu jammy-security/main amd64 Packages [1016 kB]      
Get:32 http://security.ubuntu.com/ubuntu jammy-security/main Translation-en [195 kB]
Get:33 http://security.ubuntu.com/ubuntu jammy-security/main amd64 c-n-f Metadata [11.4 kB]
Get:34 http://security.ubuntu.com/ubuntu jammy-security/restricted amd64 Packages [1179 kB]
Get:35 http://security.ubuntu.com/ubuntu jammy-security/restricted Translation-en [191 kB]
Get:36 http://security.ubuntu.com/ubuntu jammy-security/restricted amd64 c-n-f Metadata [520 B]
Get:37 http://security.ubuntu.com/ubuntu jammy-security/universe amd64 Packages [815 kB]
Get:38 http://security.ubuntu.com/ubuntu jammy-security/universe Translation-en [152 kB]
Get:39 http://security.ubuntu.com/ubuntu jammy-security/universe amd64 c-n-f Metadata [16.8 kB]
Get:40 http://security.ubuntu.com/ubuntu jammy-security/multiverse amd64 Packages [36.5 kB]
Get:41 http://security.ubuntu.com/ubuntu jammy-security/multiverse Translation-en [7060 B]
Get:42 http://security.ubuntu.com/ubuntu jammy-security/multiverse amd64 c-n-f Metadata [260 B]
Fetched 28.7 MB in 4s (6549 kB/s)                                
Reading package lists... Done
root@ip-172-31-46-17:/home/ubuntu# sudo apt install docker.io
Reading package lists... Done
Building dependency tree... Done
Reading state information... Done
The following additional packages will be installed:
  bridge-utils containerd dns-root-data dnsmasq-base pigz runc ubuntu-fan
Suggested packages:
  ifupdown aufs-tools cgroupfs-mount | cgroup-lite debootstrap docker-doc rinse zfs-fuse | zfsutils
The following NEW packages will be installed:
  bridge-utils containerd dns-root-data dnsmasq-base docker.io pigz runc ubuntu-fan
0 upgraded, 8 newly installed, 0 to remove and 74 not upgraded.
Need to get 69.7 MB of archives.
After this operation, 267 MB of additional disk space will be used.
Do you want to continue? [Y/n] y
Get:1 http://ap-south-1.ec2.archive.ubuntu.com/ubuntu jammy/universe amd64 pigz amd64 2.6-1 [63.6 kB]
Get:2 http://ap-south-1.ec2.archive.ubuntu.com/ubuntu jammy/main amd64 bridge-utils amd64 1.7-1ubuntu3 [34.4 kB]
Get:3 http://ap-south-1.ec2.archive.ubuntu.com/ubuntu jammy-updates/main amd64 runc amd64 1.1.7-0ubuntu1~22.04.1 [4249 kB]
Get:4 http://ap-south-1.ec2.archive.ubuntu.com/ubuntu jammy-updates/main amd64 containerd amd64 1.7.2-0ubuntu1~22.04.1 [36.0 MB]
Get:5 http://ap-south-1.ec2.archive.ubuntu.com/ubuntu jammy/main amd64 dns-root-data all 2021011101 [5256 B]
Get:6 http://ap-south-1.ec2.archive.ubuntu.com/ubuntu jammy-updates/main amd64 dnsmasq-base amd64 2.86-1.1ubuntu0.3 [354 kB]
Get:7 http://ap-south-1.ec2.archive.ubuntu.com/ubuntu jammy-updates/universe amd64 docker.io amd64 24.0.5-0ubuntu1~22.04.1 [28.9 MB]
Get:8 http://ap-south-1.ec2.archive.ubuntu.com/ubuntu jammy/universe amd64 ubuntu-fan all 0.12.16 [35.2 kB]
Fetched 69.7 MB in 1s (63.8 MB/s)
Preconfiguring packages ...
Selecting previously unselected package pigz.
(Reading database ... 64726 files and directories currently installed.)
Preparing to unpack .../0-pigz_2.6-1_amd64.deb ...
Unpacking pigz (2.6-1) ...
Selecting previously unselected package bridge-utils.
Preparing to unpack .../1-bridge-utils_1.7-1ubuntu3_amd64.deb ...
Unpacking bridge-utils (1.7-1ubuntu3) ...
Selecting previously unselected package runc.
Preparing to unpack .../2-runc_1.1.7-0ubuntu1~22.04.1_amd64.deb ...
Unpacking runc (1.1.7-0ubuntu1~22.04.1) ...
Selecting previously unselected package containerd.
Preparing to unpack .../3-containerd_1.7.2-0ubuntu1~22.04.1_amd64.deb ...
Unpacking containerd (1.7.2-0ubuntu1~22.04.1) ...
Selecting previously unselected package dns-root-data.
Preparing to unpack .../4-dns-root-data_2021011101_all.deb ...
Unpacking dns-root-data (2021011101) ...
Selecting previously unselected package dnsmasq-base.
Preparing to unpack .../5-dnsmasq-base_2.86-1.1ubuntu0.3_amd64.deb ...
Unpacking dnsmasq-base (2.86-1.1ubuntu0.3) ...
Selecting previously unselected package docker.io.
Preparing to unpack .../6-docker.io_24.0.5-0ubuntu1~22.04.1_amd64.deb ...
Unpacking docker.io (24.0.5-0ubuntu1~22.04.1) ...
Selecting previously unselected package ubuntu-fan.
Preparing to unpack .../7-ubuntu-fan_0.12.16_all.deb ...
Unpacking ubuntu-fan (0.12.16) ...
Setting up dnsmasq-base (2.86-1.1ubuntu0.3) ...
Setting up runc (1.1.7-0ubuntu1~22.04.1) ...
Setting up dns-root-data (2021011101) ...
Setting up bridge-utils (1.7-1ubuntu3) ...
Setting up pigz (2.6-1) ...
Setting up containerd (1.7.2-0ubuntu1~22.04.1) ...
Created symlink /etc/systemd/system/multi-user.target.wants/containerd.service → /lib/systemd/system/containerd.service.
Setting up ubuntu-fan (0.12.16) ...
Created symlink /etc/systemd/system/multi-user.target.wants/ubuntu-fan.service → /lib/systemd/system/ubuntu-fan.service.
Setting up docker.io (24.0.5-0ubuntu1~22.04.1) ...
Adding group `docker' (GID 122) ...
Done.
Created symlink /etc/systemd/system/multi-user.target.wants/docker.service → /lib/systemd/system/docker.service.
Created symlink /etc/systemd/system/sockets.target.wants/docker.socket → /lib/systemd/system/docker.socket.
Processing triggers for dbus (1.12.20-2ubuntu4.1) ...
Processing triggers for man-db (2.10.2-1) ...
Scanning processes...                                                                                                                                                 
Scanning linux images...                                                                                                                                              

Running kernel seems to be up-to-date.

No services need to be restarted.

No containers need to be restarted.

No user sessions are running outdated binaries.

No VM guests are running outdated hypervisor (qemu) binaries on this host.
root@ip-172-31-46-17:/home/ubuntu# sudo snap install docker
docker 20.10.24 from Canonical✓ installed
root@ip-172-31-46-17:/home/ubuntu# docker --version
Docker version 24.0.5, build 24.0.5-0ubuntu1~22.04.1
root@ip-172-31-46-17:/home/ubuntu# sudo docker run hello-world
Unable to find image 'hello-world:latest' locally
latest: Pulling from library/hello-world
719385e32844: Pull complete 
Digest: sha256:c79d06dfdfd3d3eb04cafd0dc2bacab0992ebc243e083cabe208bac4dd7759e0
Status: Downloaded newer image for hello-world:latest

Hello from Docker!
This message shows that your installation appears to be working correctly.

To generate this message, Docker took the following steps:
 1. The Docker client contacted the Docker daemon.
 2. The Docker daemon pulled the "hello-world" image from the Docker Hub.
    (amd64)
 3. The Docker daemon created a new container from that image which runs the
    executable that produces the output you are currently reading.
 4. The Docker daemon streamed that output to the Docker client, which sent it
    to your terminal.

To try something more ambitious, you can run an Ubuntu container with:
 $ docker run -it ubuntu bash

Share images, automate workflows, and more with a free Docker ID:
 https://hub.docker.com/

For more examples and ideas, visit:
 https://docs.docker.com/get-started/

root@ip-172-31-46-17:/home/ubuntu# docker images
REPOSITORY    TAG       IMAGE ID       CREATED        SIZE
hello-world   latest    9c7a54a9a43c   7 months ago   13.3kB
root@ip-172-31-46-17:/home/ubuntu# sudo apt-get update
Hit:1 http://ap-south-1.ec2.archive.ubuntu.com/ubuntu jammy InRelease
Hit:2 http://ap-south-1.ec2.archive.ubuntu.com/ubuntu jammy-updates InRelease
Hit:3 http://ap-south-1.ec2.archive.ubuntu.com/ubuntu jammy-backports InRelease
Hit:4 http://security.ubuntu.com/ubuntu jammy-security InRelease
Reading package lists... Done
root@ip-172-31-46-17:/home/ubuntu# sudo apt-get install -y apt-transport-https ca-certificates curl gpg
Reading package lists... Done
Building dependency tree... Done
Reading state information... Done
ca-certificates is already the newest version (20230311ubuntu0.22.04.1).
ca-certificates set to manually installed.
gpg is already the newest version (2.2.27-3ubuntu2.1).
gpg set to manually installed.
The following additional packages will be installed:
  libcurl4
The following NEW packages will be installed:
  apt-transport-https
The following packages will be upgraded:
  curl libcurl4
2 upgraded, 1 newly installed, 0 to remove and 72 not upgraded.
Need to get 485 kB of archives.
After this operation, 170 kB of additional disk space will be used.
Get:1 http://ap-south-1.ec2.archive.ubuntu.com/ubuntu jammy-updates/universe amd64 apt-transport-https all 2.4.11 [1510 B]
Get:2 http://ap-south-1.ec2.archive.ubuntu.com/ubuntu jammy-updates/main amd64 curl amd64 7.81.0-1ubuntu1.15 [194 kB]
Get:3 http://ap-south-1.ec2.archive.ubuntu.com/ubuntu jammy-updates/main amd64 libcurl4 amd64 7.81.0-1ubuntu1.15 [289 kB]
Fetched 485 kB in 0s (18.0 MB/s)  
Selecting previously unselected package apt-transport-https.
(Reading database ... 65090 files and directories currently installed.)
Preparing to unpack .../apt-transport-https_2.4.11_all.deb ...
Unpacking apt-transport-https (2.4.11) ...
Preparing to unpack .../curl_7.81.0-1ubuntu1.15_amd64.deb ...
Unpacking curl (7.81.0-1ubuntu1.15) over (7.81.0-1ubuntu1.13) ...
Preparing to unpack .../libcurl4_7.81.0-1ubuntu1.15_amd64.deb ...
Unpacking libcurl4:amd64 (7.81.0-1ubuntu1.15) over (7.81.0-1ubuntu1.13) ...
Setting up apt-transport-https (2.4.11) ...
Setting up libcurl4:amd64 (7.81.0-1ubuntu1.15) ...
Setting up curl (7.81.0-1ubuntu1.15) ...
Processing triggers for man-db (2.10.2-1) ...
Processing triggers for libc-bin (2.35-0ubuntu3.3) ...
Scanning processes...                                                                                                                                                 
Scanning linux images...                                                                                                                                              

Running kernel seems to be up-to-date.

No services need to be restarted.

No containers need to be restarted.

No user sessions are running outdated binaries.

No VM guests are running outdated hypervisor (qemu) binaries on this host.
root@ip-172-31-46-17:/home/ubuntu# curl -fsSL https://pkgs.k8s.io/core:/stable:/v1.28/deb/Release.key | sudo gpg --dearmor -o /etc/apt/keyrings/kubernetes-apt-keyring.gpg
root@ip-172-31-46-17:/home/ubuntu# sudo apt-get update
Hit:1 http://ap-south-1.ec2.archive.ubuntu.com/ubuntu jammy InRelease
Hit:2 http://ap-south-1.ec2.archive.ubuntu.com/ubuntu jammy-updates InRelease
Hit:3 http://ap-south-1.ec2.archive.ubuntu.com/ubuntu jammy-backports InRelease
Hit:4 http://security.ubuntu.com/ubuntu jammy-security InRelease
Reading package lists... Done
root@ip-172-31-46-17:/home/ubuntu# sudo apt-get install -y kubelet kubeadm kubectl
Reading package lists... Done
Building dependency tree... Done
Reading state information... Done
E: Unable to locate package kubelet
E: Unable to locate package kubeadm
E: Unable to locate package kubectl
root@ip-172-31-46-17:/home/ubuntu# sudo apt-get update
Hit:1 http://ap-south-1.ec2.archive.ubuntu.com/ubuntu jammy InRelease
Hit:2 http://ap-south-1.ec2.archive.ubuntu.com/ubuntu jammy-updates InRelease
Hit:3 http://ap-south-1.ec2.archive.ubuntu.com/ubuntu jammy-backports InRelease
Hit:4 http://security.ubuntu.com/ubuntu jammy-security InRelease
Reading package lists... Done
root@ip-172-31-46-17:/home/ubuntu# sudo apt-get install -y kubelet kubeadm kubectl
Reading package lists... Done
Building dependency tree... Done
Reading state information... Done
E: Unable to locate package kubelet
E: Unable to locate package kubeadm
E: Unable to locate package kubectl
root@ip-172-31-46-17:/home/ubuntu# sudo apt-get install -y kubelet kubeadm kubectl
Reading package lists... Done
Building dependency tree... Done
Reading state information... Done
E: Unable to locate package kubelet
E: Unable to locate package kubeadm
E: Unable to locate package kubectl
root@ip-172-31-46-17:/home/ubuntu# echo 'deb [signed-by=/etc/apt/keyrings/kubernetes-apt-keyring.gpg] https://pkgs.k8s.io/core:/stable:/v1.28/deb/ /' | sudo tee /etc/apt/sources.list.d/kubernetes.list
deb [signed-by=/etc/apt/keyrings/kubernetes-apt-keyring.gpg] https://pkgs.k8s.io/core:/stable:/v1.28/deb/ /
root@ip-172-31-46-17:/home/ubuntu# sudo apt-get install -y kubelet kubeadm kubectl
Reading package lists... Done
Building dependency tree... Done
Reading state information... Done
E: Unable to locate package kubelet
E: Unable to locate package kubeadm
E: Unable to locate package kubectl
root@ip-172-31-46-17:/home/ubuntu# sudo apt-get update
Hit:1 http://ap-south-1.ec2.archive.ubuntu.com/ubuntu jammy InRelease
Hit:2 http://ap-south-1.ec2.archive.ubuntu.com/ubuntu jammy-updates InRelease    
Hit:3 http://ap-south-1.ec2.archive.ubuntu.com/ubuntu jammy-backports InRelease  
Hit:5 http://security.ubuntu.com/ubuntu jammy-security InRelease                                 
Get:4 https://prod-cdn.packages.k8s.io/repositories/isv:/kubernetes:/core:/stable:/v1.28/deb  InRelease [1186 B]
Get:6 https://prod-cdn.packages.k8s.io/repositories/isv:/kubernetes:/core:/stable:/v1.28/deb  Packages [7750 B]
Fetched 8936 B in 1s (15.0 kB/s)    
Reading package lists... Done
root@ip-172-31-46-17:/home/ubuntu# sudo apt-get install -y kubelet kubeadm kubectl
Reading package lists... Done
Building dependency tree... Done
Reading state information... Done
The following additional packages will be installed:
  conntrack cri-tools ebtables kubernetes-cni socat
The following NEW packages will be installed:
  conntrack cri-tools ebtables kubeadm kubectl kubelet kubernetes-cni socat
0 upgraded, 8 newly installed, 0 to remove and 72 not upgraded.
Need to get 87.6 MB of archives.
After this operation, 337 MB of additional disk space will be used.
Get:1 http://ap-south-1.ec2.archive.ubuntu.com/ubuntu jammy/main amd64 conntrack amd64 1:1.4.6-2build2 [33.5 kB]
Get:2 http://ap-south-1.ec2.archive.ubuntu.com/ubuntu jammy/main amd64 ebtables amd64 2.0.11-4build2 [84.9 kB]
Get:3 http://ap-south-1.ec2.archive.ubuntu.com/ubuntu jammy/main amd64 socat amd64 1.7.4.1-3ubuntu4 [349 kB]
Get:4 https://prod-cdn.packages.k8s.io/repositories/isv:/kubernetes:/core:/stable:/v1.28/deb  cri-tools 1.28.0-1.1 [19.6 MB]
Get:5 https://prod-cdn.packages.k8s.io/repositories/isv:/kubernetes:/core:/stable:/v1.28/deb  kubernetes-cni 1.2.0-2.1 [27.6 MB]
Get:6 https://prod-cdn.packages.k8s.io/repositories/isv:/kubernetes:/core:/stable:/v1.28/deb  kubelet 1.28.4-1.1 [19.5 MB]
Get:7 https://prod-cdn.packages.k8s.io/repositories/isv:/kubernetes:/core:/stable:/v1.28/deb  kubectl 1.28.4-1.1 [10.3 MB]
Get:8 https://prod-cdn.packages.k8s.io/repositories/isv:/kubernetes:/core:/stable:/v1.28/deb  kubeadm 1.28.4-1.1 [10.1 MB]
Fetched 87.6 MB in 2s (57.4 MB/s)
Selecting previously unselected package conntrack.
(Reading database ... 65094 files and directories currently installed.)
Preparing to unpack .../0-conntrack_1%3a1.4.6-2build2_amd64.deb ...
Unpacking conntrack (1:1.4.6-2build2) ...
Selecting previously unselected package cri-tools.
Preparing to unpack .../1-cri-tools_1.28.0-1.1_amd64.deb ...
Unpacking cri-tools (1.28.0-1.1) ...
Selecting previously unselected package ebtables.
Preparing to unpack .../2-ebtables_2.0.11-4build2_amd64.deb ...
Unpacking ebtables (2.0.11-4build2) ...
Selecting previously unselected package kubernetes-cni.
Preparing to unpack .../3-kubernetes-cni_1.2.0-2.1_amd64.deb ...
Unpacking kubernetes-cni (1.2.0-2.1) ...
Selecting previously unselected package socat.
Preparing to unpack .../4-socat_1.7.4.1-3ubuntu4_amd64.deb ...
Unpacking socat (1.7.4.1-3ubuntu4) ...
Selecting previously unselected package kubelet.
Preparing to unpack .../5-kubelet_1.28.4-1.1_amd64.deb ...
Unpacking kubelet (1.28.4-1.1) ...
Selecting previously unselected package kubectl.
Preparing to unpack .../6-kubectl_1.28.4-1.1_amd64.deb ...
Unpacking kubectl (1.28.4-1.1) ...
Selecting previously unselected package kubeadm.
Preparing to unpack .../7-kubeadm_1.28.4-1.1_amd64.deb ...
Unpacking kubeadm (1.28.4-1.1) ...
Setting up conntrack (1:1.4.6-2build2) ...
Setting up kubectl (1.28.4-1.1) ...
Setting up ebtables (2.0.11-4build2) ...
Setting up socat (1.7.4.1-3ubuntu4) ...
Setting up cri-tools (1.28.0-1.1) ...
Setting up kubernetes-cni (1.2.0-2.1) ...
Setting up kubelet (1.28.4-1.1) ...
Setting up kubeadm (1.28.4-1.1) ...
Processing triggers for man-db (2.10.2-1) ...
Scanning processes...                                                                                                                                                 
Scanning linux images...                                                                                                                                              

Running kernel seems to be up-to-date.

No services need to be restarted.

No containers need to be restarted.

No user sessions are running outdated binaries.

No VM guests are running outdated hypervisor (qemu) binaries on this host.
root@ip-172-31-46-17:/home/ubuntu# which kubectl
/usr/bin/kubectl
root@ip-172-31-46-17:/home/ubuntu# kubectl version
Client Version: v1.28.4
Kustomize Version: v5.0.4-0.20230601165947-6ce0bf390ce3
The connection to the server localhost:8080 was refused - did you specify the right host or port?
root@ip-172-31-46-17:/home/ubuntu# curl -LO https://storage.googleapis.com/minikube/releases/latest/minikube-linux-amd64
  % Total    % Received % Xferd  Average Speed   Time    Time     Time  Current
                                 Dload  Upload   Total   Spent    Left  Speed
100 89.3M  100 89.3M    0     0  11.6M      0  0:00:07  0:00:07 --:--:-- 15.8M
root@ip-172-31-46-17:/home/ubuntu# sudo install minikube-linux-amd64 /usr/local/bin/minikube
root@ip-172-31-46-17:/home/ubuntu# minikube status
* Profile "minikube" not found. Run "minikube profile list" to view all profiles.
  To start a cluster, run: "minikube start"
root@ip-172-31-46-17:/home/ubuntu# sudo install minikube-linux-amd64 /usr/local/bin/minikube
root@ip-172-31-46-17:/home/ubuntu# apt-install conntack
apt-install: command not found
root@ip-172-31-46-17:/home/ubuntu# apt install conntack
Reading package lists... Done
Building dependency tree... Done
Reading state information... Done
E: Unable to locate package conntack
root@ip-172-31-46-17:/home/ubuntu# sudo apt-get update
Hit:1 http://ap-south-1.ec2.archive.ubuntu.com/ubuntu jammy InRelease
Hit:2 http://ap-south-1.ec2.archive.ubuntu.com/ubuntu jammy-updates InRelease      
Hit:3 http://ap-south-1.ec2.archive.ubuntu.com/ubuntu jammy-backports InRelease                                          
Hit:4 http://security.ubuntu.com/ubuntu jammy-security InRelease                                                         
Hit:5 https://prod-cdn.packages.k8s.io/repositories/isv:/kubernetes:/core:/stable:/v1.28/deb  InRelease
Reading package lists... Done
root@ip-172-31-46-17:/home/ubuntu# sudo install minikube-linux-amd64 /usr/local/bin/minikube
root@ip-172-31-46-17:/home/ubuntu# minikube start
* minikube v1.32.0 on Ubuntu 22.04 (xen/amd64)
* Automatically selected the docker driver. Other choices: none, ssh
* The "docker" driver should not be used with root privileges. If you wish to continue as root, use --force.
* If you are running minikube within a VM, consider using --driver=none:
*   https://minikube.sigs.k8s.io/docs/reference/drivers/none/

X Exiting due to DRV_AS_ROOT: The "docker" driver should not be used with root privileges.

root@ip-172-31-46-17:/home/ubuntu# minikube status
* Profile "minikube" not found. Run "minikube profile list" to view all profiles.
  To start a cluster, run: "minikube start"
root@ip-172-31-46-17:/home/ubuntu# minikube start
* minikube v1.32.0 on Ubuntu 22.04 (xen/amd64)
* Automatically selected the docker driver. Other choices: none, ssh
* The "docker" driver should not be used with root privileges. If you wish to continue as root, use --force.
* If you are running minikube within a VM, consider using --driver=none:
*   https://minikube.sigs.k8s.io/docs/reference/drivers/none/

X Exiting due to DRV_AS_ROOT: The "docker" driver should not be used with root privileges.

root@ip-172-31-46-17:/home/ubuntu# minikube start --force --driver=docker
* minikube v1.32.0 on Ubuntu 22.04 (xen/amd64)
! minikube skips various validations when --force is supplied; this may lead to unexpected behavior
* Using the docker driver based on user configuration
* The "docker" driver should not be used with root privileges. If you wish to continue as root, use --force.
* If you are running minikube within a VM, consider using --driver=none:
*   https://minikube.sigs.k8s.io/docs/reference/drivers/none/
* Using Docker driver with root privileges
* Starting control plane node minikube in cluster minikube
* Pulling base image ...
* Downloading Kubernetes v1.28.3 preload ...
    > preloaded-images-k8s-v18-v1...:  403.35 MiB / 403.35 MiB  100.00% 14.52 M
    > gcr.io/k8s-minikube/kicbase...:  453.90 MiB / 453.90 MiB  100.00% 14.75 M
* Creating docker container (CPUs=2, Memory=2200MB) ...
* Preparing Kubernetes v1.28.3 on Docker 24.0.7 ...
  - Generating certificates and keys ...
  - Booting up control plane ...
  - Configuring RBAC rules ...
* Configuring bridge CNI (Container Networking Interface) ...
  - Using image gcr.io/k8s-minikube/storage-provisioner:v5
* Verifying Kubernetes components...
* Enabled addons: storage-provisioner, default-storageclass
* Done! kubectl is now configured to use "minikube" cluster and "default" namespace by default
root@ip-172-31-46-17:/home/ubuntu# minikube status
minikube
type: Control Plane
host: Running
kubelet: Running
apiserver: Running
kubeconfig: Configured

root@ip-172-31-46-17:/home/ubuntu# apt install conntrack
Reading package lists... Done
Building dependency tree... Done
Reading state information... Done
conntrack is already the newest version (1:1.4.6-2build2).
conntrack set to manually installed.
0 upgraded, 0 newly installed, 0 to remove and 72 not upgraded.
root@ip-172-31-46-17:/home/ubuntu# minikube status
minikube
type: Control Plane
host: Running
kubelet: Running
apiserver: Running
kubeconfig: Configured

root@ip-172-31-46-17:/home/ubuntu# kubectl version
Client Version: v1.28.4
Kustomize Version: v5.0.4-0.20230601165947-6ce0bf390ce3
Server Version: v1.28.3
root@ip-172-31-46-17:/home/ubuntu# kubeclt get nodes
Command 'kubeclt' not found, did you mean:
  command 'kubectl' from snap kubectl (1.28.4)
See 'snap info <snapname>' for additional versions.
root@ip-172-31-46-17:/home/ubuntu# kubectl get nodes
NAME       STATUS   ROLES           AGE     VERSION
minikube   Ready    control-plane   2m52s   v1.28.3
root@ip-172-31-46-17:/home/ubuntu# 
root@ip-172-31-46-17:/home/ubuntu# 
root@ip-172-31-46-17:/home/ubuntu# kubectl describe node ip-172-31-46-17
Error from server (NotFound): nodes "ip-172-31-46-17" not found
root@ip-172-31-46-17:/home/ubuntu# kubectl describe node ip-172-31-46-17
Error from server (NotFound): nodes "ip-172-31-46-17" not found
root@ip-172-31-46-17:/home/ubuntu# kubectl describe node minikube
Name:               minikube
Roles:              control-plane
Labels:             beta.kubernetes.io/arch=amd64
                    beta.kubernetes.io/os=linux
                    kubernetes.io/arch=amd64
                    kubernetes.io/hostname=minikube
                    kubernetes.io/os=linux
                    minikube.k8s.io/commit=8220a6eb95f0a4d75f7f2d7b14cef975f050512d
                    minikube.k8s.io/name=minikube
                    minikube.k8s.io/primary=true
                    minikube.k8s.io/updated_at=2023_12_09T08_37_49_0700
                    minikube.k8s.io/version=v1.32.0
                    node-role.kubernetes.io/control-plane=
                    node.kubernetes.io/exclude-from-external-load-balancers=
Annotations:        kubeadm.alpha.kubernetes.io/cri-socket: unix:///var/run/cri-dockerd.sock
                    node.alpha.kubernetes.io/ttl: 0
                    volumes.kubernetes.io/controller-managed-attach-detach: true
CreationTimestamp:  Sat, 09 Dec 2023 08:37:46 +0000
Taints:             <none>
Unschedulable:      false
Lease:
  HolderIdentity:  minikube
  AcquireTime:     <unset>
  RenewTime:       Sat, 09 Dec 2023 08:43:26 +0000
Conditions:
  Type             Status  LastHeartbeatTime                 LastTransitionTime                Reason                       Message
  ----             ------  -----------------                 ------------------                ------                       -------
  MemoryPressure   False   Sat, 09 Dec 2023 08:43:16 +0000   Sat, 09 Dec 2023 08:37:44 +0000   KubeletHasSufficientMemory   kubelet has sufficient memory available
  DiskPressure     False   Sat, 09 Dec 2023 08:43:16 +0000   Sat, 09 Dec 2023 08:37:44 +0000   KubeletHasNoDiskPressure     kubelet has no disk pressure
  PIDPressure      False   Sat, 09 Dec 2023 08:43:16 +0000   Sat, 09 Dec 2023 08:37:44 +0000   KubeletHasSufficientPID      kubelet has sufficient PID available
  Ready            True    Sat, 09 Dec 2023 08:43:16 +0000   Sat, 09 Dec 2023 08:37:46 +0000   KubeletReady                 kubelet is posting ready status
Addresses:
  InternalIP:  192.168.49.2
  Hostname:    minikube
Capacity:
  cpu:                2
  ephemeral-storage:  15054340Ki
  hugepages-2Mi:      0
  memory:             3998204Ki
  pods:               110
Allocatable:
  cpu:                2
  ephemeral-storage:  15054340Ki
  hugepages-2Mi:      0
  memory:             3998204Ki
  pods:               110
System Info:
  Machine ID:                 e74c479f90354f46a8ac39e51cd7366b
  System UUID:                89c79b1c-1eb4-415d-940b-a8a652e19d77
  Boot ID:                    795a78ad-b9bc-4b80-b571-2b1cd961b871
  Kernel Version:             6.2.0-1012-aws
  OS Image:                   Ubuntu 22.04.3 LTS
  Operating System:           linux
  Architecture:               amd64
  Container Runtime Version:  docker://24.0.7
  Kubelet Version:            v1.28.3
  Kube-Proxy Version:         v1.28.3
PodCIDR:                      10.244.0.0/24
PodCIDRs:                     10.244.0.0/24
Non-terminated Pods:          (7 in total)
  Namespace                   Name                                CPU Requests  CPU Limits  Memory Requests  Memory Limits  Age
  ---------                   ----                                ------------  ----------  ---------------  -------------  ---
  kube-system                 coredns-5dd5756b68-ptnq5            100m (5%)     0 (0%)      70Mi (1%)        170Mi (4%)     5m28s
  kube-system                 etcd-minikube                       100m (5%)     0 (0%)      100Mi (2%)       0 (0%)         5m42s
  kube-system                 kube-apiserver-minikube             250m (12%)    0 (0%)      0 (0%)           0 (0%)         5m43s
  kube-system                 kube-controller-manager-minikube    200m (10%)    0 (0%)      0 (0%)           0 (0%)         5m41s
  kube-system                 kube-proxy-mcsp6                    0 (0%)        0 (0%)      0 (0%)           0 (0%)         5m28s
  kube-system                 kube-scheduler-minikube             100m (5%)     0 (0%)      0 (0%)           0 (0%)         5m41s
  kube-system                 storage-provisioner                 0 (0%)        0 (0%)      0 (0%)           0 (0%)         5m39s
Allocated resources:
  (Total limits may be over 100 percent, i.e., overcommitted.)
  Resource           Requests    Limits
  --------           --------    ------
  cpu                750m (37%)  0 (0%)
  memory             170Mi (4%)  170Mi (4%)
  ephemeral-storage  0 (0%)      0 (0%)
  hugepages-2Mi      0 (0%)      0 (0%)
Events:
  Type    Reason                   Age    From             Message
  ----    ------                   ----   ----             -------
  Normal  Starting                 5m27s  kube-proxy       
  Normal  Starting                 5m41s  kubelet          Starting kubelet.
  Normal  NodeHasSufficientMemory  5m41s  kubelet          Node minikube status is now: NodeHasSufficientMemory
  Normal  NodeHasNoDiskPressure    5m41s  kubelet          Node minikube status is now: NodeHasNoDiskPressure
  Normal  NodeHasSufficientPID     5m41s  kubelet          Node minikube status is now: NodeHasSufficientPID
  Normal  NodeAllocatableEnforced  5m41s  kubelet          Updated Node Allocatable limit across pods
  Normal  RegisteredNode           5m28s  node-controller  Node minikube event: Registered Node minikube in Controller
root@ip-172-31-46-17:/home/ubuntu# 









#########################################################################################################################################################################################














FIRST DAY PRACTICAL DONE Successfully SO ALL CMDS AND INSTALLATION LOGS INFORMATON :

Welcome to Ubuntu 22.04.3 LTS (GNU/Linux 6.2.0-1012-aws x86_64)

 * Documentation:  https://help.ubuntu.com
 * Management:     https://landscape.canonical.com
 * Support:        https://ubuntu.com/advantage

  System information as of Sat Dec  9 08:19:54 UTC 2023

  System load:  0.08740234375      Processes:             113
  Usage of /:   10.8% of 14.36GB   Users logged in:       0
  Memory usage: 5%                 IPv4 address for eth0: 172.31.46.17
  Swap usage:   0%

Expanded Security Maintenance for Applications is not enabled.

0 updates can be applied immediately.

Enable ESM Apps to receive additional future security updates.
See https://ubuntu.com/esm or run: sudo pro status


The list of available updates is more than a week old.
To check for new updates run: sudo apt update


The programs included with the Ubuntu system are free software;
the exact distribution terms for each program are described in the
individual files in /usr/share/doc/*/copyright.

Ubuntu comes with ABSOLUTELY NO WARRANTY, to the extent permitted by
applicable law.

To run a command as administrator (user "root"), use "sudo <command>".
See "man sudo_root" for details.

ubuntu@ip-172-31-46-17:~$ sudo su
root@ip-172-31-46-17:/home/ubuntu# sudo apt-get update
Hit:1 http://ap-south-1.ec2.archive.ubuntu.com/ubuntu jammy InRelease
Get:2 http://ap-south-1.ec2.archive.ubuntu.com/ubuntu jammy-updates InRelease [119 kB]
Get:3 http://ap-south-1.ec2.archive.ubuntu.com/ubuntu jammy-backports InRelease [109 kB]
Get:4 http://ap-south-1.ec2.archive.ubuntu.com/ubuntu jammy/universe amd64 Packages [14.1 MB]
Get:5 http://security.ubuntu.com/ubuntu jammy-security InRelease [110 kB]           
Get:6 http://ap-south-1.ec2.archive.ubuntu.com/ubuntu jammy/universe Translation-en [5652 kB]
Get:7 http://ap-south-1.ec2.archive.ubuntu.com/ubuntu jammy/universe amd64 c-n-f Metadata [286 kB]
Get:8 http://ap-south-1.ec2.archive.ubuntu.com/ubuntu jammy/multiverse amd64 Packages [217 kB]
Get:9 http://ap-south-1.ec2.archive.ubuntu.com/ubuntu jammy/multiverse Translation-en [112 kB]
Get:10 http://ap-south-1.ec2.archive.ubuntu.com/ubuntu jammy/multiverse amd64 c-n-f Metadata [8372 B]
Get:11 http://ap-south-1.ec2.archive.ubuntu.com/ubuntu jammy-updates/main amd64 Packages [1244 kB]
Get:12 http://ap-south-1.ec2.archive.ubuntu.com/ubuntu jammy-updates/main Translation-en [257 kB]
Get:13 http://ap-south-1.ec2.archive.ubuntu.com/ubuntu jammy-updates/main amd64 c-n-f Metadata [16.1 kB]
Get:14 http://ap-south-1.ec2.archive.ubuntu.com/ubuntu jammy-updates/restricted amd64 Packages [1226 kB]
Get:15 http://ap-south-1.ec2.archive.ubuntu.com/ubuntu jammy-updates/restricted Translation-en [199 kB]
Get:16 http://ap-south-1.ec2.archive.ubuntu.com/ubuntu jammy-updates/restricted amd64 c-n-f Metadata [520 B]
Get:17 http://ap-south-1.ec2.archive.ubuntu.com/ubuntu jammy-updates/universe amd64 Packages [1018 kB]
Get:18 http://ap-south-1.ec2.archive.ubuntu.com/ubuntu jammy-updates/universe Translation-en [226 kB]
Get:19 http://ap-south-1.ec2.archive.ubuntu.com/ubuntu jammy-updates/universe amd64 c-n-f Metadata [22.1 kB]
Get:20 http://ap-south-1.ec2.archive.ubuntu.com/ubuntu jammy-updates/multiverse amd64 Packages [41.6 kB]
Get:21 http://ap-south-1.ec2.archive.ubuntu.com/ubuntu jammy-updates/multiverse Translation-en [9768 B]
Get:22 http://ap-south-1.ec2.archive.ubuntu.com/ubuntu jammy-updates/multiverse amd64 c-n-f Metadata [472 B]
Get:23 http://ap-south-1.ec2.archive.ubuntu.com/ubuntu jammy-backports/main amd64 Packages [64.2 kB]
Get:24 http://ap-south-1.ec2.archive.ubuntu.com/ubuntu jammy-backports/main Translation-en [10.5 kB]
Get:25 http://ap-south-1.ec2.archive.ubuntu.com/ubuntu jammy-backports/main amd64 c-n-f Metadata [388 B]
Get:26 http://ap-south-1.ec2.archive.ubuntu.com/ubuntu jammy-backports/restricted amd64 c-n-f Metadata [116 B]
Get:27 http://ap-south-1.ec2.archive.ubuntu.com/ubuntu jammy-backports/universe amd64 Packages [27.8 kB]
Get:28 http://ap-south-1.ec2.archive.ubuntu.com/ubuntu jammy-backports/universe Translation-en [16.5 kB]
Get:29 http://ap-south-1.ec2.archive.ubuntu.com/ubuntu jammy-backports/universe amd64 c-n-f Metadata [644 B]
Get:30 http://ap-south-1.ec2.archive.ubuntu.com/ubuntu jammy-backports/multiverse amd64 c-n-f Metadata [116 B]
Get:31 http://security.ubuntu.com/ubuntu jammy-security/main amd64 Packages [1016 kB]      
Get:32 http://security.ubuntu.com/ubuntu jammy-security/main Translation-en [195 kB]
Get:33 http://security.ubuntu.com/ubuntu jammy-security/main amd64 c-n-f Metadata [11.4 kB]
Get:34 http://security.ubuntu.com/ubuntu jammy-security/restricted amd64 Packages [1179 kB]
Get:35 http://security.ubuntu.com/ubuntu jammy-security/restricted Translation-en [191 kB]
Get:36 http://security.ubuntu.com/ubuntu jammy-security/restricted amd64 c-n-f Metadata [520 B]
Get:37 http://security.ubuntu.com/ubuntu jammy-security/universe amd64 Packages [815 kB]
Get:38 http://security.ubuntu.com/ubuntu jammy-security/universe Translation-en [152 kB]
Get:39 http://security.ubuntu.com/ubuntu jammy-security/universe amd64 c-n-f Metadata [16.8 kB]
Get:40 http://security.ubuntu.com/ubuntu jammy-security/multiverse amd64 Packages [36.5 kB]
Get:41 http://security.ubuntu.com/ubuntu jammy-security/multiverse Translation-en [7060 B]
Get:42 http://security.ubuntu.com/ubuntu jammy-security/multiverse amd64 c-n-f Metadata [260 B]
Fetched 28.7 MB in 4s (6549 kB/s)                                
Reading package lists... Done
root@ip-172-31-46-17:/home/ubuntu# sudo apt install docker.io
Reading package lists... Done
Building dependency tree... Done
Reading state information... Done
The following additional packages will be installed:
  bridge-utils containerd dns-root-data dnsmasq-base pigz runc ubuntu-fan
Suggested packages:
  ifupdown aufs-tools cgroupfs-mount | cgroup-lite debootstrap docker-doc rinse zfs-fuse | zfsutils
The following NEW packages will be installed:
  bridge-utils containerd dns-root-data dnsmasq-base docker.io pigz runc ubuntu-fan
0 upgraded, 8 newly installed, 0 to remove and 74 not upgraded.
Need to get 69.7 MB of archives.
After this operation, 267 MB of additional disk space will be used.
Do you want to continue? [Y/n] y
Get:1 http://ap-south-1.ec2.archive.ubuntu.com/ubuntu jammy/universe amd64 pigz amd64 2.6-1 [63.6 kB]
Get:2 http://ap-south-1.ec2.archive.ubuntu.com/ubuntu jammy/main amd64 bridge-utils amd64 1.7-1ubuntu3 [34.4 kB]
Get:3 http://ap-south-1.ec2.archive.ubuntu.com/ubuntu jammy-updates/main amd64 runc amd64 1.1.7-0ubuntu1~22.04.1 [4249 kB]
Get:4 http://ap-south-1.ec2.archive.ubuntu.com/ubuntu jammy-updates/main amd64 containerd amd64 1.7.2-0ubuntu1~22.04.1 [36.0 MB]
Get:5 http://ap-south-1.ec2.archive.ubuntu.com/ubuntu jammy/main amd64 dns-root-data all 2021011101 [5256 B]
Get:6 http://ap-south-1.ec2.archive.ubuntu.com/ubuntu jammy-updates/main amd64 dnsmasq-base amd64 2.86-1.1ubuntu0.3 [354 kB]
Get:7 http://ap-south-1.ec2.archive.ubuntu.com/ubuntu jammy-updates/universe amd64 docker.io amd64 24.0.5-0ubuntu1~22.04.1 [28.9 MB]
Get:8 http://ap-south-1.ec2.archive.ubuntu.com/ubuntu jammy/universe amd64 ubuntu-fan all 0.12.16 [35.2 kB]
Fetched 69.7 MB in 1s (63.8 MB/s)
Preconfiguring packages ...
Selecting previously unselected package pigz.
(Reading database ... 64726 files and directories currently installed.)
Preparing to unpack .../0-pigz_2.6-1_amd64.deb ...
Unpacking pigz (2.6-1) ...
Selecting previously unselected package bridge-utils.
Preparing to unpack .../1-bridge-utils_1.7-1ubuntu3_amd64.deb ...
Unpacking bridge-utils (1.7-1ubuntu3) ...
Selecting previously unselected package runc.
Preparing to unpack .../2-runc_1.1.7-0ubuntu1~22.04.1_amd64.deb ...
Unpacking runc (1.1.7-0ubuntu1~22.04.1) ...
Selecting previously unselected package containerd.
Preparing to unpack .../3-containerd_1.7.2-0ubuntu1~22.04.1_amd64.deb ...
Unpacking containerd (1.7.2-0ubuntu1~22.04.1) ...
Selecting previously unselected package dns-root-data.
Preparing to unpack .../4-dns-root-data_2021011101_all.deb ...
Unpacking dns-root-data (2021011101) ...
Selecting previously unselected package dnsmasq-base.
Preparing to unpack .../5-dnsmasq-base_2.86-1.1ubuntu0.3_amd64.deb ...
Unpacking dnsmasq-base (2.86-1.1ubuntu0.3) ...
Selecting previously unselected package docker.io.
Preparing to unpack .../6-docker.io_24.0.5-0ubuntu1~22.04.1_amd64.deb ...
Unpacking docker.io (24.0.5-0ubuntu1~22.04.1) ...
Selecting previously unselected package ubuntu-fan.
Preparing to unpack .../7-ubuntu-fan_0.12.16_all.deb ...
Unpacking ubuntu-fan (0.12.16) ...
Setting up dnsmasq-base (2.86-1.1ubuntu0.3) ...
Setting up runc (1.1.7-0ubuntu1~22.04.1) ...
Setting up dns-root-data (2021011101) ...
Setting up bridge-utils (1.7-1ubuntu3) ...
Setting up pigz (2.6-1) ...
Setting up containerd (1.7.2-0ubuntu1~22.04.1) ...
Created symlink /etc/systemd/system/multi-user.target.wants/containerd.service → /lib/systemd/system/containerd.service.
Setting up ubuntu-fan (0.12.16) ...
Created symlink /etc/systemd/system/multi-user.target.wants/ubuntu-fan.service → /lib/systemd/system/ubuntu-fan.service.
Setting up docker.io (24.0.5-0ubuntu1~22.04.1) ...
Adding group `docker' (GID 122) ...
Done.
Created symlink /etc/systemd/system/multi-user.target.wants/docker.service → /lib/systemd/system/docker.service.
Created symlink /etc/systemd/system/sockets.target.wants/docker.socket → /lib/systemd/system/docker.socket.
Processing triggers for dbus (1.12.20-2ubuntu4.1) ...
Processing triggers for man-db (2.10.2-1) ...
Scanning processes...                                                                                                                                                 
Scanning linux images...                                                                                                                                              

Running kernel seems to be up-to-date.

No services need to be restarted.

No containers need to be restarted.

No user sessions are running outdated binaries.

No VM guests are running outdated hypervisor (qemu) binaries on this host.
root@ip-172-31-46-17:/home/ubuntu# sudo snap install docker
docker 20.10.24 from Canonical✓ installed
root@ip-172-31-46-17:/home/ubuntu# docker --version
Docker version 24.0.5, build 24.0.5-0ubuntu1~22.04.1
root@ip-172-31-46-17:/home/ubuntu# sudo docker run hello-world
Unable to find image 'hello-world:latest' locally
latest: Pulling from library/hello-world
719385e32844: Pull complete 
Digest: sha256:c79d06dfdfd3d3eb04cafd0dc2bacab0992ebc243e083cabe208bac4dd7759e0
Status: Downloaded newer image for hello-world:latest

Hello from Docker!
This message shows that your installation appears to be working correctly.

To generate this message, Docker took the following steps:
 1. The Docker client contacted the Docker daemon.
 2. The Docker daemon pulled the "hello-world" image from the Docker Hub.
    (amd64)
 3. The Docker daemon created a new container from that image which runs the
    executable that produces the output you are currently reading.
 4. The Docker daemon streamed that output to the Docker client, which sent it
    to your terminal.

To try something more ambitious, you can run an Ubuntu container with:
 $ docker run -it ubuntu bash

Share images, automate workflows, and more with a free Docker ID:
 https://hub.docker.com/

For more examples and ideas, visit:
 https://docs.docker.com/get-started/

root@ip-172-31-46-17:/home/ubuntu# docker images
REPOSITORY    TAG       IMAGE ID       CREATED        SIZE
hello-world   latest    9c7a54a9a43c   7 months ago   13.3kB
root@ip-172-31-46-17:/home/ubuntu# sudo apt-get update
Hit:1 http://ap-south-1.ec2.archive.ubuntu.com/ubuntu jammy InRelease
Hit:2 http://ap-south-1.ec2.archive.ubuntu.com/ubuntu jammy-updates InRelease
Hit:3 http://ap-south-1.ec2.archive.ubuntu.com/ubuntu jammy-backports InRelease
Hit:4 http://security.ubuntu.com/ubuntu jammy-security InRelease
Reading package lists... Done
root@ip-172-31-46-17:/home/ubuntu# sudo apt-get install -y apt-transport-https ca-certificates curl gpg
Reading package lists... Done
Building dependency tree... Done
Reading state information... Done
ca-certificates is already the newest version (20230311ubuntu0.22.04.1).
ca-certificates set to manually installed.
gpg is already the newest version (2.2.27-3ubuntu2.1).
gpg set to manually installed.
The following additional packages will be installed:
  libcurl4
The following NEW packages will be installed:
  apt-transport-https
The following packages will be upgraded:
  curl libcurl4
2 upgraded, 1 newly installed, 0 to remove and 72 not upgraded.
Need to get 485 kB of archives.
After this operation, 170 kB of additional disk space will be used.
Get:1 http://ap-south-1.ec2.archive.ubuntu.com/ubuntu jammy-updates/universe amd64 apt-transport-https all 2.4.11 [1510 B]
Get:2 http://ap-south-1.ec2.archive.ubuntu.com/ubuntu jammy-updates/main amd64 curl amd64 7.81.0-1ubuntu1.15 [194 kB]
Get:3 http://ap-south-1.ec2.archive.ubuntu.com/ubuntu jammy-updates/main amd64 libcurl4 amd64 7.81.0-1ubuntu1.15 [289 kB]
Fetched 485 kB in 0s (18.0 MB/s)  
Selecting previously unselected package apt-transport-https.
(Reading database ... 65090 files and directories currently installed.)
Preparing to unpack .../apt-transport-https_2.4.11_all.deb ...
Unpacking apt-transport-https (2.4.11) ...
Preparing to unpack .../curl_7.81.0-1ubuntu1.15_amd64.deb ...
Unpacking curl (7.81.0-1ubuntu1.15) over (7.81.0-1ubuntu1.13) ...
Preparing to unpack .../libcurl4_7.81.0-1ubuntu1.15_amd64.deb ...
Unpacking libcurl4:amd64 (7.81.0-1ubuntu1.15) over (7.81.0-1ubuntu1.13) ...
Setting up apt-transport-https (2.4.11) ...
Setting up libcurl4:amd64 (7.81.0-1ubuntu1.15) ...
Setting up curl (7.81.0-1ubuntu1.15) ...
Processing triggers for man-db (2.10.2-1) ...
Processing triggers for libc-bin (2.35-0ubuntu3.3) ...
Scanning processes...                                                                                                                                                 
Scanning linux images...                                                                                                                                              

Running kernel seems to be up-to-date.

No services need to be restarted.

No containers need to be restarted.

No user sessions are running outdated binaries.

No VM guests are running outdated hypervisor (qemu) binaries on this host.
root@ip-172-31-46-17:/home/ubuntu# curl -fsSL https://pkgs.k8s.io/core:/stable:/v1.28/deb/Release.key | sudo gpg --dearmor -o /etc/apt/keyrings/kubernetes-apt-keyring.gpg
root@ip-172-31-46-17:/home/ubuntu# sudo apt-get update
Hit:1 http://ap-south-1.ec2.archive.ubuntu.com/ubuntu jammy InRelease
Hit:2 http://ap-south-1.ec2.archive.ubuntu.com/ubuntu jammy-updates InRelease
Hit:3 http://ap-south-1.ec2.archive.ubuntu.com/ubuntu jammy-backports InRelease
Hit:4 http://security.ubuntu.com/ubuntu jammy-security InRelease
Reading package lists... Done
root@ip-172-31-46-17:/home/ubuntu# sudo apt-get install -y kubelet kubeadm kubectl
Reading package lists... Done
Building dependency tree... Done
Reading state information... Done
E: Unable to locate package kubelet
E: Unable to locate package kubeadm
E: Unable to locate package kubectl
root@ip-172-31-46-17:/home/ubuntu# sudo apt-get update
Hit:1 http://ap-south-1.ec2.archive.ubuntu.com/ubuntu jammy InRelease
Hit:2 http://ap-south-1.ec2.archive.ubuntu.com/ubuntu jammy-updates InRelease
Hit:3 http://ap-south-1.ec2.archive.ubuntu.com/ubuntu jammy-backports InRelease
Hit:4 http://security.ubuntu.com/ubuntu jammy-security InRelease
Reading package lists... Done
root@ip-172-31-46-17:/home/ubuntu# sudo apt-get install -y kubelet kubeadm kubectl
Reading package lists... Done
Building dependency tree... Done
Reading state information... Done
E: Unable to locate package kubelet
E: Unable to locate package kubeadm
E: Unable to locate package kubectl
root@ip-172-31-46-17:/home/ubuntu# sudo apt-get install -y kubelet kubeadm kubectl
Reading package lists... Done
Building dependency tree... Done
Reading state information... Done
E: Unable to locate package kubelet
E: Unable to locate package kubeadm
E: Unable to locate package kubectl
root@ip-172-31-46-17:/home/ubuntu# echo 'deb [signed-by=/etc/apt/keyrings/kubernetes-apt-keyring.gpg] https://pkgs.k8s.io/core:/stable:/v1.28/deb/ /' | sudo tee /etc/apt/sources.list.d/kubernetes.list
deb [signed-by=/etc/apt/keyrings/kubernetes-apt-keyring.gpg] https://pkgs.k8s.io/core:/stable:/v1.28/deb/ /
root@ip-172-31-46-17:/home/ubuntu# sudo apt-get install -y kubelet kubeadm kubectl
Reading package lists... Done
Building dependency tree... Done
Reading state information... Done
E: Unable to locate package kubelet
E: Unable to locate package kubeadm
E: Unable to locate package kubectl
root@ip-172-31-46-17:/home/ubuntu# sudo apt-get update
Hit:1 http://ap-south-1.ec2.archive.ubuntu.com/ubuntu jammy InRelease
Hit:2 http://ap-south-1.ec2.archive.ubuntu.com/ubuntu jammy-updates InRelease    
Hit:3 http://ap-south-1.ec2.archive.ubuntu.com/ubuntu jammy-backports InRelease  
Hit:5 http://security.ubuntu.com/ubuntu jammy-security InRelease                                 
Get:4 https://prod-cdn.packages.k8s.io/repositories/isv:/kubernetes:/core:/stable:/v1.28/deb  InRelease [1186 B]
Get:6 https://prod-cdn.packages.k8s.io/repositories/isv:/kubernetes:/core:/stable:/v1.28/deb  Packages [7750 B]
Fetched 8936 B in 1s (15.0 kB/s)    
Reading package lists... Done
root@ip-172-31-46-17:/home/ubuntu# sudo apt-get install -y kubelet kubeadm kubectl
Reading package lists... Done
Building dependency tree... Done
Reading state information... Done
The following additional packages will be installed:
  conntrack cri-tools ebtables kubernetes-cni socat
The following NEW packages will be installed:
  conntrack cri-tools ebtables kubeadm kubectl kubelet kubernetes-cni socat
0 upgraded, 8 newly installed, 0 to remove and 72 not upgraded.
Need to get 87.6 MB of archives.
After this operation, 337 MB of additional disk space will be used.
Get:1 http://ap-south-1.ec2.archive.ubuntu.com/ubuntu jammy/main amd64 conntrack amd64 1:1.4.6-2build2 [33.5 kB]
Get:2 http://ap-south-1.ec2.archive.ubuntu.com/ubuntu jammy/main amd64 ebtables amd64 2.0.11-4build2 [84.9 kB]
Get:3 http://ap-south-1.ec2.archive.ubuntu.com/ubuntu jammy/main amd64 socat amd64 1.7.4.1-3ubuntu4 [349 kB]
Get:4 https://prod-cdn.packages.k8s.io/repositories/isv:/kubernetes:/core:/stable:/v1.28/deb  cri-tools 1.28.0-1.1 [19.6 MB]
Get:5 https://prod-cdn.packages.k8s.io/repositories/isv:/kubernetes:/core:/stable:/v1.28/deb  kubernetes-cni 1.2.0-2.1 [27.6 MB]
Get:6 https://prod-cdn.packages.k8s.io/repositories/isv:/kubernetes:/core:/stable:/v1.28/deb  kubelet 1.28.4-1.1 [19.5 MB]
Get:7 https://prod-cdn.packages.k8s.io/repositories/isv:/kubernetes:/core:/stable:/v1.28/deb  kubectl 1.28.4-1.1 [10.3 MB]
Get:8 https://prod-cdn.packages.k8s.io/repositories/isv:/kubernetes:/core:/stable:/v1.28/deb  kubeadm 1.28.4-1.1 [10.1 MB]
Fetched 87.6 MB in 2s (57.4 MB/s)
Selecting previously unselected package conntrack.
(Reading database ... 65094 files and directories currently installed.)
Preparing to unpack .../0-conntrack_1%3a1.4.6-2build2_amd64.deb ...
Unpacking conntrack (1:1.4.6-2build2) ...
Selecting previously unselected package cri-tools.
Preparing to unpack .../1-cri-tools_1.28.0-1.1_amd64.deb ...
Unpacking cri-tools (1.28.0-1.1) ...
Selecting previously unselected package ebtables.
Preparing to unpack .../2-ebtables_2.0.11-4build2_amd64.deb ...
Unpacking ebtables (2.0.11-4build2) ...
Selecting previously unselected package kubernetes-cni.
Preparing to unpack .../3-kubernetes-cni_1.2.0-2.1_amd64.deb ...
Unpacking kubernetes-cni (1.2.0-2.1) ...
Selecting previously unselected package socat.
Preparing to unpack .../4-socat_1.7.4.1-3ubuntu4_amd64.deb ...
Unpacking socat (1.7.4.1-3ubuntu4) ...
Selecting previously unselected package kubelet.
Preparing to unpack .../5-kubelet_1.28.4-1.1_amd64.deb ...
Unpacking kubelet (1.28.4-1.1) ...
Selecting previously unselected package kubectl.
Preparing to unpack .../6-kubectl_1.28.4-1.1_amd64.deb ...
Unpacking kubectl (1.28.4-1.1) ...
Selecting previously unselected package kubeadm.
Preparing to unpack .../7-kubeadm_1.28.4-1.1_amd64.deb ...
Unpacking kubeadm (1.28.4-1.1) ...
Setting up conntrack (1:1.4.6-2build2) ...
Setting up kubectl (1.28.4-1.1) ...
Setting up ebtables (2.0.11-4build2) ...
Setting up socat (1.7.4.1-3ubuntu4) ...
Setting up cri-tools (1.28.0-1.1) ...
Setting up kubernetes-cni (1.2.0-2.1) ...
Setting up kubelet (1.28.4-1.1) ...
Setting up kubeadm (1.28.4-1.1) ...
Processing triggers for man-db (2.10.2-1) ...
Scanning processes...                                                                                                                                                 
Scanning linux images...                                                                                                                                              

Running kernel seems to be up-to-date.

No services need to be restarted.

No containers need to be restarted.

No user sessions are running outdated binaries.

No VM guests are running outdated hypervisor (qemu) binaries on this host.
root@ip-172-31-46-17:/home/ubuntu# which kubectl
/usr/bin/kubectl
root@ip-172-31-46-17:/home/ubuntu# kubectl version
Client Version: v1.28.4
Kustomize Version: v5.0.4-0.20230601165947-6ce0bf390ce3
The connection to the server localhost:8080 was refused - did you specify the right host or port?
root@ip-172-31-46-17:/home/ubuntu# curl -LO https://storage.googleapis.com/minikube/releases/latest/minikube-linux-amd64
  % Total    % Received % Xferd  Average Speed   Time    Time     Time  Current
                                 Dload  Upload   Total   Spent    Left  Speed
100 89.3M  100 89.3M    0     0  11.6M      0  0:00:07  0:00:07 --:--:-- 15.8M
root@ip-172-31-46-17:/home/ubuntu# sudo install minikube-linux-amd64 /usr/local/bin/minikube
root@ip-172-31-46-17:/home/ubuntu# minikube status
* Profile "minikube" not found. Run "minikube profile list" to view all profiles.
  To start a cluster, run: "minikube start"
root@ip-172-31-46-17:/home/ubuntu# sudo install minikube-linux-amd64 /usr/local/bin/minikube
root@ip-172-31-46-17:/home/ubuntu# apt-install conntack
apt-install: command not found
root@ip-172-31-46-17:/home/ubuntu# apt install conntack
Reading package lists... Done
Building dependency tree... Done
Reading state information... Done
E: Unable to locate package conntack
root@ip-172-31-46-17:/home/ubuntu# sudo apt-get update
Hit:1 http://ap-south-1.ec2.archive.ubuntu.com/ubuntu jammy InRelease
Hit:2 http://ap-south-1.ec2.archive.ubuntu.com/ubuntu jammy-updates InRelease      
Hit:3 http://ap-south-1.ec2.archive.ubuntu.com/ubuntu jammy-backports InRelease                                          
Hit:4 http://security.ubuntu.com/ubuntu jammy-security InRelease                                                         
Hit:5 https://prod-cdn.packages.k8s.io/repositories/isv:/kubernetes:/core:/stable:/v1.28/deb  InRelease
Reading package lists... Done
root@ip-172-31-46-17:/home/ubuntu# sudo install minikube-linux-amd64 /usr/local/bin/minikube
root@ip-172-31-46-17:/home/ubuntu# minikube start
* minikube v1.32.0 on Ubuntu 22.04 (xen/amd64)
* Automatically selected the docker driver. Other choices: none, ssh
* The "docker" driver should not be used with root privileges. If you wish to continue as root, use --force.
* If you are running minikube within a VM, consider using --driver=none:
*   https://minikube.sigs.k8s.io/docs/reference/drivers/none/

X Exiting due to DRV_AS_ROOT: The "docker" driver should not be used with root privileges.

root@ip-172-31-46-17:/home/ubuntu# minikube status
* Profile "minikube" not found. Run "minikube profile list" to view all profiles.
  To start a cluster, run: "minikube start"
root@ip-172-31-46-17:/home/ubuntu# minikube start
* minikube v1.32.0 on Ubuntu 22.04 (xen/amd64)
* Automatically selected the docker driver. Other choices: none, ssh
* The "docker" driver should not be used with root privileges. If you wish to continue as root, use --force.
* If you are running minikube within a VM, consider using --driver=none:
*   https://minikube.sigs.k8s.io/docs/reference/drivers/none/

X Exiting due to DRV_AS_ROOT: The "docker" driver should not be used with root privileges.

root@ip-172-31-46-17:/home/ubuntu# minikube start --force --driver=docker
* minikube v1.32.0 on Ubuntu 22.04 (xen/amd64)
! minikube skips various validations when --force is supplied; this may lead to unexpected behavior
* Using the docker driver based on user configuration
* The "docker" driver should not be used with root privileges. If you wish to continue as root, use --force.
* If you are running minikube within a VM, consider using --driver=none:
*   https://minikube.sigs.k8s.io/docs/reference/drivers/none/
* Using Docker driver with root privileges
* Starting control plane node minikube in cluster minikube
* Pulling base image ...
* Downloading Kubernetes v1.28.3 preload ...
    > preloaded-images-k8s-v18-v1...:  403.35 MiB / 403.35 MiB  100.00% 14.52 M
    > gcr.io/k8s-minikube/kicbase...:  453.90 MiB / 453.90 MiB  100.00% 14.75 M
* Creating docker container (CPUs=2, Memory=2200MB) ...
* Preparing Kubernetes v1.28.3 on Docker 24.0.7 ...
  - Generating certificates and keys ...
  - Booting up control plane ...
  - Configuring RBAC rules ...
* Configuring bridge CNI (Container Networking Interface) ...
  - Using image gcr.io/k8s-minikube/storage-provisioner:v5
* Verifying Kubernetes components...
* Enabled addons: storage-provisioner, default-storageclass
* Done! kubectl is now configured to use "minikube" cluster and "default" namespace by default
root@ip-172-31-46-17:/home/ubuntu# minikube status
minikube
type: Control Plane
host: Running
kubelet: Running
apiserver: Running
kubeconfig: Configured

root@ip-172-31-46-17:/home/ubuntu# apt install conntrack
Reading package lists... Done
Building dependency tree... Done
Reading state information... Done
conntrack is already the newest version (1:1.4.6-2build2).
conntrack set to manually installed.
0 upgraded, 0 newly installed, 0 to remove and 72 not upgraded.
root@ip-172-31-46-17:/home/ubuntu# minikube status
minikube
type: Control Plane
host: Running
kubelet: Running
apiserver: Running
kubeconfig: Configured

root@ip-172-31-46-17:/home/ubuntu# kubectl version
Client Version: v1.28.4
Kustomize Version: v5.0.4-0.20230601165947-6ce0bf390ce3
Server Version: v1.28.3
root@ip-172-31-46-17:/home/ubuntu# kubeclt get nodes
Command 'kubeclt' not found, did you mean:
  command 'kubectl' from snap kubectl (1.28.4)
See 'snap info <snapname>' for additional versions.
root@ip-172-31-46-17:/home/ubuntu# kubectl get nodes
NAME       STATUS   ROLES           AGE     VERSION
minikube   Ready    control-plane   2m52s   v1.28.3
root@ip-172-31-46-17:/home/ubuntu# 
root@ip-172-31-46-17:/home/ubuntu# 
root@ip-172-31-46-17:/home/ubuntu# kubectl describe node ip-172-31-46-17
Error from server (NotFound): nodes "ip-172-31-46-17" not found
root@ip-172-31-46-17:/home/ubuntu# kubectl describe node ip-172-31-46-17
Error from server (NotFound): nodes "ip-172-31-46-17" not found
root@ip-172-31-46-17:/home/ubuntu# kubectl describe node minikube
Name:               minikube
Roles:              control-plane
Labels:             beta.kubernetes.io/arch=amd64
                    beta.kubernetes.io/os=linux
                    kubernetes.io/arch=amd64
                    kubernetes.io/hostname=minikube
                    kubernetes.io/os=linux
                    minikube.k8s.io/commit=8220a6eb95f0a4d75f7f2d7b14cef975f050512d
                    minikube.k8s.io/name=minikube
                    minikube.k8s.io/primary=true
                    minikube.k8s.io/updated_at=2023_12_09T08_37_49_0700
                    minikube.k8s.io/version=v1.32.0
                    node-role.kubernetes.io/control-plane=
                    node.kubernetes.io/exclude-from-external-load-balancers=
Annotations:        kubeadm.alpha.kubernetes.io/cri-socket: unix:///var/run/cri-dockerd.sock
                    node.alpha.kubernetes.io/ttl: 0
                    volumes.kubernetes.io/controller-managed-attach-detach: true
CreationTimestamp:  Sat, 09 Dec 2023 08:37:46 +0000
Taints:             <none>
Unschedulable:      false
Lease:
  HolderIdentity:  minikube
  AcquireTime:     <unset>
  RenewTime:       Sat, 09 Dec 2023 08:43:26 +0000
Conditions:
  Type             Status  LastHeartbeatTime                 LastTransitionTime                Reason                       Message
  ----             ------  -----------------                 ------------------                ------                       -------
  MemoryPressure   False   Sat, 09 Dec 2023 08:43:16 +0000   Sat, 09 Dec 2023 08:37:44 +0000   KubeletHasSufficientMemory   kubelet has sufficient memory available
  DiskPressure     False   Sat, 09 Dec 2023 08:43:16 +0000   Sat, 09 Dec 2023 08:37:44 +0000   KubeletHasNoDiskPressure     kubelet has no disk pressure
  PIDPressure      False   Sat, 09 Dec 2023 08:43:16 +0000   Sat, 09 Dec 2023 08:37:44 +0000   KubeletHasSufficientPID      kubelet has sufficient PID available
  Ready            True    Sat, 09 Dec 2023 08:43:16 +0000   Sat, 09 Dec 2023 08:37:46 +0000   KubeletReady                 kubelet is posting ready status
Addresses:
  InternalIP:  192.168.49.2
  Hostname:    minikube
Capacity:
  cpu:                2
  ephemeral-storage:  15054340Ki
  hugepages-2Mi:      0
  memory:             3998204Ki
  pods:               110
Allocatable:
  cpu:                2
  ephemeral-storage:  15054340Ki
  hugepages-2Mi:      0
  memory:             3998204Ki
  pods:               110
System Info:
  Machine ID:                 e74c479f90354f46a8ac39e51cd7366b
  System UUID:                89c79b1c-1eb4-415d-940b-a8a652e19d77
  Boot ID:                    795a78ad-b9bc-4b80-b571-2b1cd961b871
  Kernel Version:             6.2.0-1012-aws
  OS Image:                   Ubuntu 22.04.3 LTS
  Operating System:           linux
  Architecture:               amd64
  Container Runtime Version:  docker://24.0.7
  Kubelet Version:            v1.28.3
  Kube-Proxy Version:         v1.28.3
PodCIDR:                      10.244.0.0/24
PodCIDRs:                     10.244.0.0/24
Non-terminated Pods:          (7 in total)
  Namespace                   Name                                CPU Requests  CPU Limits  Memory Requests  Memory Limits  Age
  ---------                   ----                                ------------  ----------  ---------------  -------------  ---
  kube-system                 coredns-5dd5756b68-ptnq5            100m (5%)     0 (0%)      70Mi (1%)        170Mi (4%)     5m28s
  kube-system                 etcd-minikube                       100m (5%)     0 (0%)      100Mi (2%)       0 (0%)         5m42s
  kube-system                 kube-apiserver-minikube             250m (12%)    0 (0%)      0 (0%)           0 (0%)         5m43s
  kube-system                 kube-controller-manager-minikube    200m (10%)    0 (0%)      0 (0%)           0 (0%)         5m41s
  kube-system                 kube-proxy-mcsp6                    0 (0%)        0 (0%)      0 (0%)           0 (0%)         5m28s
  kube-system                 kube-scheduler-minikube             100m (5%)     0 (0%)      0 (0%)           0 (0%)         5m41s
  kube-system                 storage-provisioner                 0 (0%)        0 (0%)      0 (0%)           0 (0%)         5m39s
Allocated resources:
  (Total limits may be over 100 percent, i.e., overcommitted.)
  Resource           Requests    Limits
  --------           --------    ------
  cpu                750m (37%)  0 (0%)
  memory             170Mi (4%)  170Mi (4%)
  ephemeral-storage  0 (0%)      0 (0%)
  hugepages-2Mi      0 (0%)      0 (0%)
Events:
  Type    Reason                   Age    From             Message
  ----    ------                   ----   ----             -------
  Normal  Starting                 5m27s  kube-proxy       
  Normal  Starting                 5m41s  kubelet          Starting kubelet.
  Normal  NodeHasSufficientMemory  5m41s  kubelet          Node minikube status is now: NodeHasSufficientMemory
  Normal  NodeHasNoDiskPressure    5m41s  kubelet          Node minikube status is now: NodeHasNoDiskPressure
  Normal  NodeHasSufficientPID     5m41s  kubelet          Node minikube status is now: NodeHasSufficientPID
  Normal  NodeAllocatableEnforced  5m41s  kubelet          Updated Node Allocatable limit across pods
  Normal  RegisteredNode           5m28s  node-controller  Node minikube event: Registered Node minikube in Controller
root@ip-172-31-46-17:/home/ubuntu# 
root@ip-172-31-46-17:/home/ubuntu# 
root@ip-172-31-46-17:/home/ubuntu# 
root@ip-172-31-46-17:/home/ubuntu# vi pod1.yml
root@ip-172-31-46-17:/home/ubuntu# kubectl apply -f pod1.yml
pod/testpod created
root@ip-172-31-46-17:/home/ubuntu# kubectl get pods
NAME      READY   STATUS    RESTARTS   AGE
testpod   1/1     Running   0          60s
root@ip-172-31-46-17:/home/ubuntu# kubectl get pods -o wide
NAME      READY   STATUS    RESTARTS   AGE   IP           NODE       NOMINATED NODE   READINESS GATES
testpod   1/1     Running   0          91s   10.244.0.3   minikube   <none>           <none>
root@ip-172-31-46-17:/home/ubuntu# kubectl describe pod testpod
Name:             testpod
Namespace:        default
Priority:         0
Service Account:  default
Node:             minikube/192.168.49.2
Start Time:       Sat, 09 Dec 2023 08:49:54 +0000
Labels:           <none>
Annotations:      <none>
Status:           Running
IP:               10.244.0.3
IPs:
  IP:  10.244.0.3
Containers:
  c00:
    Container ID:  docker://63d42918f04f5a572a0762b8840a0ca9543b6b5474b318d162803588c583063a
    Image:         ubuntu
    Image ID:      docker-pullable://ubuntu@sha256:8eab65df33a6de2844c9aefd19efe8ddb87b7df5e9185a4ab73af936225685bb
    Port:          <none>
    Host Port:     <none>
    Command:
      /bin/bash
      -c
      while true; do echo Hello-Bhupinder; sleep 5 ; done
    State:          Running
      Started:      Sat, 09 Dec 2023 08:50:01 +0000
    Ready:          True
    Restart Count:  0
    Environment:    <none>
    Mounts:
      /var/run/secrets/kubernetes.io/serviceaccount from kube-api-access-xgn2z (ro)
Conditions:
  Type              Status
  Initialized       True 
  Ready             True 
  ContainersReady   True 
  PodScheduled      True 
Volumes:
  kube-api-access-xgn2z:
    Type:                    Projected (a volume that contains injected data from multiple sources)
    TokenExpirationSeconds:  3607
    ConfigMapName:           kube-root-ca.crt
    ConfigMapOptional:       <nil>
    DownwardAPI:             true
QoS Class:                   BestEffort
Node-Selectors:              <none>
Tolerations:                 node.kubernetes.io/not-ready:NoExecute op=Exists for 300s
                             node.kubernetes.io/unreachable:NoExecute op=Exists for 300s
Events:
  Type    Reason     Age    From               Message
  ----    ------     ----   ----               -------
  Normal  Scheduled  4m18s  default-scheduler  Successfully assigned default/testpod to minikube
  Normal  Pulling    4m17s  kubelet            Pulling image "ubuntu"
  Normal  Pulled     4m12s  kubelet            Successfully pulled image "ubuntu" in 5.888s (5.888s including waiting)
  Normal  Created    4m11s  kubelet            Created container c00
  Normal  Started    4m11s  kubelet            Started container c00
root@ip-172-31-46-17:/home/ubuntu# 
root@ip-172-31-46-17:/home/ubuntu# 
root@ip-172-31-46-17:/home/ubuntu# 
root@ip-172-31-46-17:/home/ubuntu# kubectl logs -f testpod
Hello-Bhupinder
Hello-Bhupinder
Hello-Bhupinder
Hello-Bhupinder
Hello-Bhupinder
Hello-Bhupinder
Hello-Bhupinder
Hello-Bhupinder
Hello-Bhupinder
Hello-Bhupinder
Hello-Bhupinder
Hello-Bhupinder
Hello-Bhupinder
Hello-Bhupinder
Hello-Bhupinder
Hello-Bhupinder
Hello-Bhupinder
Hello-Bhupinder
Hello-Bhupinder
Hello-Bhupinder
Hello-Bhupinder
Hello-Bhupinder
Hello-Bhupinder
Hello-Bhupinder
Hello-Bhupinder
Hello-Bhupinder
Hello-Bhupinder
Hello-Bhupinder
Hello-Bhupinder
Hello-Bhupinder
Hello-Bhupinder
Hello-Bhupinder
Hello-Bhupinder
Hello-Bhupinder
Hello-Bhupinder
Hello-Bhupinder
Hello-Bhupinder
Hello-Bhupinder
Hello-Bhupinder
Hello-Bhupinder
Hello-Bhupinder
Hello-Bhupinder
Hello-Bhupinder
Hello-Bhupinder
Hello-Bhupinder
Hello-Bhupinder
Hello-Bhupinder
Hello-Bhupinder
Hello-Bhupinder
Hello-Bhupinder
Hello-Bhupinder
Hello-Bhupinder
Hello-Bhupinder
Hello-Bhupinder
Hello-Bhupinder
Hello-Bhupinder
Hello-Bhupinder
Hello-Bhupinder
Hello-Bhupinder
Hello-Bhupinder
Hello-Bhupinder
Hello-Bhupinder
Hello-Bhupinder
Hello-Bhupinder
Hello-Bhupinder
Hello-Bhupinder
Hello-Bhupinder
Hello-Bhupinder
Hello-Bhupinder
Hello-Bhupinder
Hello-Bhupinder
Hello-Bhupinder
Hello-Bhupinder
Hello-Bhupinder
Hello-Bhupinder
Hello-Bhupinder
Hello-Bhupinder
Hello-Bhupinder
Hello-Bhupinder
Hello-Bhupinder
Hello-Bhupinder
Hello-Bhupinder
Hello-Bhupinder
Hello-Bhupinder
Hello-Bhupinder
Hello-Bhupinder
^Z
[1]+  Stopped                 kubectl logs -f testpod
root@ip-172-31-46-17:/home/ubuntu# kubectl delete pod testpod
pod "testpod" deleted
^[[A
^Z
[2]+  Stopped                 kubectl delete pod testpod
root@ip-172-31-46-17:/home/ubuntu# kubectl delete pod testpod
pod "testpod" deleted
root@ip-172-31-46-17:/home/ubuntu# kubectl get pods
No resources found in default namespace.
root@ip-172-31-46-17:/home/ubuntu# 
root@ip-172-31-46-17:/home/ubuntu# 
root@ip-172-31-46-17:/home/ubuntu# 
root@ip-172-31-46-17:/home/ubuntu# vi pod1.yml
root@ip-172-31-46-17:/home/ubuntu# kubectl apply -f pod1.yml
Error from server (BadRequest): error when creating "pod1.yml": Pod in version "v1" cannot be handled as a Pod: strict decoding error: unknown field "metadata.annotation"
root@ip-172-31-46-17:/home/ubuntu# vi pod1.yml
root@ip-172-31-46-17:/home/ubuntu# kubectl apply -f pod1.yml
Error from server (BadRequest): error when creating "pod1.yml": Pod in version "v1" cannot be handled as a Pod: strict decoding error: unknown field "metadata.annotation"
root@ip-172-31-46-17:/home/ubuntu# vi pod1.yml
root@ip-172-31-46-17:/home/ubuntu# kubectl apply -f pod1.yml
pod/testpod created
root@ip-172-31-46-17:/home/ubuntu# kubectl describe pod testpod
Name:             testpod
Namespace:        default
Priority:         0
Service Account:  default
Node:             minikube/192.168.49.2
Start Time:       Sat, 09 Dec 2023 09:11:28 +0000
Labels:           <none>
Annotations:      description: This is created by Rushikesh Vikhe
Status:           Running
IP:               10.244.0.4
IPs:
  IP:  10.244.0.4
Containers:
  c00:
    Container ID:  docker://7b543b20b658ce6ff357fd5ed1a33bd448764dff0856f78d90df247bf2eea17f
    Image:         ubuntu
    Image ID:      docker-pullable://ubuntu@sha256:8eab65df33a6de2844c9aefd19efe8ddb87b7df5e9185a4ab73af936225685bb
    Port:          <none>
    Host Port:     <none>
    Command:
      /bin/bash
      -c
      while true; do echo Hello-Bhupinder; sleep 5 ; done
    State:          Running
      Started:      Sat, 09 Dec 2023 09:11:30 +0000
    Ready:          True
    Restart Count:  0
    Environment:    <none>
    Mounts:
      /var/run/secrets/kubernetes.io/serviceaccount from kube-api-access-gmdr4 (ro)
Conditions:
  Type              Status
  Initialized       True 
  Ready             True 
  ContainersReady   True 
  PodScheduled      True 
Volumes:
  kube-api-access-gmdr4:
    Type:                    Projected (a volume that contains injected data from multiple sources)
    TokenExpirationSeconds:  3607
    ConfigMapName:           kube-root-ca.crt
    ConfigMapOptional:       <nil>
    DownwardAPI:             true
QoS Class:                   BestEffort
Node-Selectors:              <none>
Tolerations:                 node.kubernetes.io/not-ready:NoExecute op=Exists for 300s
                             node.kubernetes.io/unreachable:NoExecute op=Exists for 300s
Events:
  Type    Reason     Age   From               Message
  ----    ------     ----  ----               -------
  Normal  Scheduled  89s   default-scheduler  Successfully assigned default/testpod to minikube
  Normal  Pulling    89s   kubelet            Pulling image "ubuntu"
  Normal  Pulled     87s   kubelet            Successfully pulled image "ubuntu" in 1.817s (1.817s including waiting)
  Normal  Created    87s   kubelet            Created container c00
  Normal  Started    87s   kubelet            Started container c00
root@ip-172-31-46-17:/home/ubuntu# kubectl delete pod testpod
pod "testpod" deleted
root@ip-172-31-46-17:/home/ubuntu# vi pod2.yml
root@ip-172-31-46-17:/home/ubuntu# kubectl apply -f pod2.yml
pod/testpod3 created
root@ip-172-31-46-17:/home/ubuntu# vi pod2.yml
root@ip-172-31-46-17:/home/ubuntu# kubectl apply -f pod2.yml
error: error parsing pod2.yml: error converting YAML to JSON: yaml: line 12: did not find expected '-' indicator
root@ip-172-31-46-17:/home/ubuntu# vi pod2.yml
root@ip-172-31-46-17:/home/ubuntu# kubectl apply -f pod2.yml
The Pod "testpod3" is invalid: spec.containers: Forbidden: pod updates may not add or remove containers
root@ip-172-31-46-17:/home/ubuntu# vi pod2.yml
root@ip-172-31-46-17:/home/ubuntu# kubectl delete pod testpod3
pod "testpod3" deleted
root@ip-172-31-46-17:/home/ubuntu# vi pod2.yml
root@ip-172-31-46-17:/home/ubuntu# kubectl apply -f pod2.yml
pod/testpod3 created
root@ip-172-31-46-17:/home/ubuntu# kubectl delete pod testpod

Error from server (NotFound): pods "testpod" not found
root@ip-172-31-46-17:/home/ubuntu# 
root@ip-172-31-46-17:/home/ubuntu# kubectl get pods
NAME       READY   STATUS    RESTARTS   AGE
testpod3   3/3     Running   0          33s
root@ip-172-31-46-17:/home/ubuntu# kubectl logs -f testpod3 -c c02
Rushikesh
Rushikesh
Rushikesh
Rushikesh
Rushikesh
Rushikesh
Rushikesh
Rushikesh
Rushikesh
Rushikesh
Rushikesh
Rushikesh
Rushikesh
Rushikesh
Rushikesh
Rushikesh
Rushikesh
Rushikesh
Rushikesh
Rushikesh
Rushikesh
^Z
[3]+  Stopped                 kubectl logs -f testpod3 -c c02
root@ip-172-31-46-17:/home/ubuntu# kubectl exec testpod3 -c c02 --hostname -i
error: unknown flag: --hostname
See 'kubectl exec --help' for usage.
root@ip-172-31-46-17:/home/ubuntu# kubectl exec testpod3 -c c02 -- hostname -i
10.244.0.6
root@ip-172-31-46-17:/home/ubuntu# kubectl exec testpod3 -it -c c02 -- /bin/bash
root@testpod3:/# ps
    PID TTY          TIME CMD
     80 pts/0    00:00:00 bash
    105 pts/0    00:00:00 ps
root@testpod3:/# ps -ef
UID          PID    PPID  C STIME TTY          TIME CMD
root           1       0  0 09:22 ?        00:00:00 /bin/bash -c while true; do echo Rushikesh; sleep 5 ; done
root          80       0  0 09:28 pts/0    00:00:00 /bin/bash
root         106       1  0 09:29 ?        00:00:00 sleep 5
root         107      80  0 09:29 pts/0    00:00:00 ps -ef
root@testpod3:/# ^C

root@testpod3:/# 
root@testpod3:/# 
root@testpod3:/# exit
exit
command terminated with exit code 130
root@ip-172-31-46-17:/home/ubuntu# kubectl get pods -o wide
NAME       READY   STATUS    RESTARTS   AGE   IP           NODE       NOMINATED NODE   READINESS GATES
testpod3   3/3     Running   0          11m   10.244.0.6   minikube   <none>           <none>
root@ip-172-31-46-17:/home/ubuntu# kubectl exec testpod3 -c c02 --hostname -i
error: unknown flag: --hostname
See 'kubectl exec --help' for usage.
root@ip-172-31-46-17:/home/ubuntu# kubectl exec testpod3 -c c02 -- hostname -i
10.244.0.6
root@ip-172-31-46-17:/home/ubuntu# kubectl exec testpod3 -c c01 -- hostname -i
10.244.0.6
root@ip-172-31-46-17:/home/ubuntu# kubectl exec testpod3 -c c01 -- hostname -i